{"version":"2.3","unsynchronised":true,"flags":0,"size":295607,"padding":82,"frames":[{"id":"POPM","size":23,"email":"rating@winamp.com","rating":255,"count":0},{"id":"PRIV","size":8207,"email":"www.amazon.com"},{"id":"TIT2","size":67,"text":"Questions Of Travel (LP Version)"},{"id":"TPE1","size":31,"text":"The Ocean Blue"},{"id":"TALB","size":45,"text":"Cerulean (US Release)"},{"id":"TCON","size":35,"text":"Alternative Rock"},{"id":"TPE3","size":1,"text":""},{"id":"TRCK","size":11,"text":"6/12"},{"id":"TYER","size":11,"text":"2005"},{"id":"TPE2","size":31,"text":"The Ocean Blue"},{"id":"COMM","size":68,"description":"","text":"tags=90s,sub-genres=shoegazer"},{"id":"TCOP","size":173,"text":"2005 Warner Bros. Records Inc. Manufactured & Marketed by Warner Strategic Marketing."},{"id":"TPOS","size":9,"text":"1/1"},{"id":"APIC","size":286673}]}{"md5":"d41d8cd98f00b204e9800998ecf8427e"}{"version":"1.1","album":"Cerulean (US Release)","artist":"The Ocean Blue","comment":"tags=90s,sub-genres=shoegaze","genre":255,"title":"Questions Of Travel (LP Versio","year":"2005","track":6}
