"elliot-goldenthal.id3v1.tag.out":
ID3v2.3(.0) Tag:
17 bytes, synchronised
flags: 0x00
<no artist> - <no title>
<no album>, <no year>
Encoded by Winamp
TENC: Winamp
0 bytes of padding
0 bytes of track data:
MD5: d41d8cd98f00b204e9800998ecf8427e

