"test-audacity.tag":
ID3v2.3(.0) Tag:
1454 bytes, synchronised
flags: 0x00
Rock the Joint - Exit
Live from Limrick, Ireland (track 14/14), <no year>
Content-type Celtic
Encoded by Audacity
TPE1: Rock the Joint
TALB: Live from Limrick, Ireland
TENC: Audacity
TIT2: Exit
TRCK: 14/14
TCON: Celtic
COMM (eng, <no description>):
Ripped by StreamRipper from liveireland.com, cut into tracks by Audacity, tagged by scribbu
TXXX: sp1ff@pobox.com
tags=live&sub-genres=rock,punk
1024 bytes of padding
0 bytes of track data:
MD5: d41d8cd98f00b204e9800998ecf8427e

